<?xml version="1.0" encoding="UTF-8"?>
<testsuites>
  <testsuite name="/app/phpunit-ci.xml" tests="129" assertions="2764" errors="0" failures="0" skipped="0" time="20.333670">
    <testsuite name="Unit" tests="39" assertions="64" errors="0" failures="0" skipped="0" time="1.387877">
      <testsuite name="Tests\Unit\Playground\Directory\Api\Http\Requests\FormRequest\InstanceTest" file="/app/tests/Unit/Http/Requests/FormRequest/InstanceTest.php" tests="5" assertions="6" errors="0" failures="0" skipped="0" time="0.320228">
        <testcase name="test_form_request_authorize_without_user" file="/app/tests/Unit/Http/Requests/FormRequest/InstanceTest.php" line="23" class="Tests\Unit\Playground\Directory\Api\Http\Requests\FormRequest\InstanceTest" classname="Tests.Unit.Playground.Directory.Api.Http.Requests.FormRequest.InstanceTest" assertions="1" time="0.165403"/>
        <testcase name="test_rules_is_empty_by_default" file="/app/tests/Unit/Http/Requests/FormRequest/InstanceTest.php" line="30" class="Tests\Unit\Playground\Directory\Api\Http\Requests\FormRequest\InstanceTest" classname="Tests.Unit.Playground.Directory.Api.Http.Requests.FormRequest.InstanceTest" assertions="2" time="0.032527"/>
        <testcase name="test_user_has_admin_privileges_without_user" file="/app/tests/Unit/Http/Requests/FormRequest/InstanceTest.php" line="38" class="Tests\Unit\Playground\Directory\Api\Http\Requests\FormRequest\InstanceTest" classname="Tests.Unit.Playground.Directory.Api.Http.Requests.FormRequest.InstanceTest" assertions="1" time="0.031293"/>
        <testcase name="test_user_has_admin_privileges_with_admin" file="/app/tests/Unit/Http/Requests/FormRequest/InstanceTest.php" line="45" class="Tests\Unit\Playground\Directory\Api\Http\Requests\FormRequest\InstanceTest" classname="Tests.Unit.Playground.Directory.Api.Http.Requests.FormRequest.InstanceTest" assertions="1" time="0.052945"/>
        <testcase name="test_user_has_admin_privileges_with_default_laravel_user" file="/app/tests/Unit/Http/Requests/FormRequest/InstanceTest.php" line="57" class="Tests\Unit\Playground\Directory\Api\Http\Requests\FormRequest\InstanceTest" classname="Tests.Unit.Playground.Directory.Api.Http.Requests.FormRequest.InstanceTest" assertions="1" time="0.038059"/>
      </testsuite>
      <testsuite name="Tests\Unit\Playground\Directory\Api\Http\Requests\Location\CreateRequestTest" file="/app/tests/Unit/Http/Requests/Location/CreateRequestTest.php" tests="1" assertions="1" errors="0" failures="0" skipped="0" time="0.031514">
        <testcase name="test_request_instance" file="/app/vendor/gammamatrix/playground-test/src/Unit/Http/Requests/RequestCase.php" line="42" class="Tests\Unit\Playground\Directory\Api\Http\Requests\Location\CreateRequestTest" classname="Tests.Unit.Playground.Directory.Api.Http.Requests.Location.CreateRequestTest" assertions="1" time="0.031514"/>
      </testsuite>
      <testsuite name="Tests\Unit\Playground\Directory\Api\Http\Requests\Location\DestroyRequestTest" file="/app/tests/Unit/Http/Requests/Location/DestroyRequestTest.php" tests="1" assertions="1" errors="0" failures="0" skipped="0" time="0.031486">
        <testcase name="test_request_instance" file="/app/vendor/gammamatrix/playground-test/src/Unit/Http/Requests/RequestCase.php" line="42" class="Tests\Unit\Playground\Directory\Api\Http\Requests\Location\DestroyRequestTest" classname="Tests.Unit.Playground.Directory.Api.Http.Requests.Location.DestroyRequestTest" assertions="1" time="0.031486"/>
      </testsuite>
      <testsuite name="Tests\Unit\Playground\Directory\Api\Http\Requests\Location\EditRequestTest" file="/app/tests/Unit/Http/Requests/Location/EditRequestTest.php" tests="1" assertions="1" errors="0" failures="0" skipped="0" time="0.031493">
        <testcase name="test_request_instance" file="/app/vendor/gammamatrix/playground-test/src/Unit/Http/Requests/RequestCase.php" line="42" class="Tests\Unit\Playground\Directory\Api\Http\Requests\Location\EditRequestTest" classname="Tests.Unit.Playground.Directory.Api.Http.Requests.Location.EditRequestTest" assertions="1" time="0.031493"/>
      </testsuite>
      <testsuite name="Tests\Unit\Playground\Directory\Api\Http\Requests\Location\IndexRequestTest" file="/app/tests/Unit/Http/Requests/Location/IndexRequestTest.php" tests="1" assertions="1" errors="0" failures="0" skipped="0" time="0.032896">
        <testcase name="test_request_instance" file="/app/vendor/gammamatrix/playground-test/src/Unit/Http/Requests/RequestCase.php" line="42" class="Tests\Unit\Playground\Directory\Api\Http\Requests\Location\IndexRequestTest" classname="Tests.Unit.Playground.Directory.Api.Http.Requests.Location.IndexRequestTest" assertions="1" time="0.032896"/>
      </testsuite>
      <testsuite name="Tests\Unit\Playground\Directory\Api\Http\Requests\Location\LockRequestTest" file="/app/tests/Unit/Http/Requests/Location/LockRequestTest.php" tests="1" assertions="1" errors="0" failures="0" skipped="0" time="0.031651">
        <testcase name="test_request_instance" file="/app/vendor/gammamatrix/playground-test/src/Unit/Http/Requests/RequestCase.php" line="42" class="Tests\Unit\Playground\Directory\Api\Http\Requests\Location\LockRequestTest" classname="Tests.Unit.Playground.Directory.Api.Http.Requests.Location.LockRequestTest" assertions="1" time="0.031651"/>
      </testsuite>
      <testsuite name="Tests\Unit\Playground\Directory\Api\Http\Requests\Location\RestoreRequestTest" file="/app/tests/Unit/Http/Requests/Location/RestoreRequestTest.php" tests="1" assertions="1" errors="0" failures="0" skipped="0" time="0.030684">
        <testcase name="test_request_instance" file="/app/vendor/gammamatrix/playground-test/src/Unit/Http/Requests/RequestCase.php" line="42" class="Tests\Unit\Playground\Directory\Api\Http\Requests\Location\RestoreRequestTest" classname="Tests.Unit.Playground.Directory.Api.Http.Requests.Location.RestoreRequestTest" assertions="1" time="0.030684"/>
      </testsuite>
      <testsuite name="Tests\Unit\Playground\Directory\Api\Http\Requests\Location\ShowRequestTest" file="/app/tests/Unit/Http/Requests/Location/ShowRequestTest.php" tests="1" assertions="1" errors="0" failures="0" skipped="0" time="0.030758">
        <testcase name="test_request_instance" file="/app/vendor/gammamatrix/playground-test/src/Unit/Http/Requests/RequestCase.php" line="42" class="Tests\Unit\Playground\Directory\Api\Http\Requests\Location\ShowRequestTest" classname="Tests.Unit.Playground.Directory.Api.Http.Requests.Location.ShowRequestTest" assertions="1" time="0.030758"/>
      </testsuite>
      <testsuite name="Tests\Unit\Playground\Directory\Api\Http\Requests\Location\StoreRequestTest" file="/app/tests/Unit/Http/Requests/Location/StoreRequestTest.php" tests="3" assertions="8" errors="0" failures="0" skipped="0" time="0.096107">
        <testcase name="test_request_instance" file="/app/vendor/gammamatrix/playground-test/src/Unit/Http/Requests/RequestCase.php" line="42" class="Tests\Unit\Playground\Directory\Api\Http\Requests\Location\StoreRequestTest" classname="Tests.Unit.Playground.Directory.Api.Http.Requests.Location.StoreRequestTest" assertions="1" time="0.032823"/>
        <testcase name="test_store_request_rules_with_optional_revisions_disabled" file="/app/tests/Unit/Http/Requests/Location/StoreRequestTest.php" line="21" class="Tests\Unit\Playground\Directory\Api\Http\Requests\Location\StoreRequestTest" classname="Tests.Unit.Playground.Directory.Api.Http.Requests.Location.StoreRequestTest" assertions="3" time="0.031670"/>
        <testcase name="test_store_request_rules_with_optional_revisions_enabled" file="/app/tests/Unit/Http/Requests/Location/StoreRequestTest.php" line="31" class="Tests\Unit\Playground\Directory\Api\Http\Requests\Location\StoreRequestTest" classname="Tests.Unit.Playground.Directory.Api.Http.Requests.Location.StoreRequestTest" assertions="4" time="0.031614"/>
      </testsuite>
      <testsuite name="Tests\Unit\Playground\Directory\Api\Http\Requests\Location\UnlockRequestTest" file="/app/tests/Unit/Http/Requests/Location/UnlockRequestTest.php" tests="1" assertions="1" errors="0" failures="0" skipped="0" time="0.030910">
        <testcase name="test_request_instance" file="/app/vendor/gammamatrix/playground-test/src/Unit/Http/Requests/RequestCase.php" line="42" class="Tests\Unit\Playground\Directory\Api\Http\Requests\Location\UnlockRequestTest" classname="Tests.Unit.Playground.Directory.Api.Http.Requests.Location.UnlockRequestTest" assertions="1" time="0.030910"/>
      </testsuite>
      <testsuite name="Tests\Unit\Playground\Directory\Api\Http\Requests\Location\UpdateRequestTest" file="/app/tests/Unit/Http/Requests/Location/UpdateRequestTest.php" tests="3" assertions="8" errors="0" failures="0" skipped="0" time="0.093963">
        <testcase name="test_request_instance" file="/app/vendor/gammamatrix/playground-test/src/Unit/Http/Requests/RequestCase.php" line="42" class="Tests\Unit\Playground\Directory\Api\Http\Requests\Location\UpdateRequestTest" classname="Tests.Unit.Playground.Directory.Api.Http.Requests.Location.UpdateRequestTest" assertions="1" time="0.030825"/>
        <testcase name="test_update_request_rules_with_optional_revisions_disabled" file="/app/tests/Unit/Http/Requests/Location/UpdateRequestTest.php" line="21" class="Tests\Unit\Playground\Directory\Api\Http\Requests\Location\UpdateRequestTest" classname="Tests.Unit.Playground.Directory.Api.Http.Requests.Location.UpdateRequestTest" assertions="3" time="0.031396"/>
        <testcase name="test_update_request_rules_with_optional_revisions_enabled" file="/app/tests/Unit/Http/Requests/Location/UpdateRequestTest.php" line="31" class="Tests\Unit\Playground\Directory\Api\Http\Requests\Location\UpdateRequestTest" classname="Tests.Unit.Playground.Directory.Api.Http.Requests.Location.UpdateRequestTest" assertions="4" time="0.031741"/>
      </testsuite>
      <testsuite name="Tests\Unit\Playground\Directory\Api\Http\Requests\Sublocation\CreateRequestTest" file="/app/tests/Unit/Http/Requests/Sublocation/CreateRequestTest.php" tests="1" assertions="1" errors="0" failures="0" skipped="0" time="0.030537">
        <testcase name="test_request_instance" file="/app/vendor/gammamatrix/playground-test/src/Unit/Http/Requests/RequestCase.php" line="42" class="Tests\Unit\Playground\Directory\Api\Http\Requests\Sublocation\CreateRequestTest" classname="Tests.Unit.Playground.Directory.Api.Http.Requests.Sublocation.CreateRequestTest" assertions="1" time="0.030537"/>
      </testsuite>
      <testsuite name="Tests\Unit\Playground\Directory\Api\Http\Requests\Sublocation\DestroyRequestTest" file="/app/tests/Unit/Http/Requests/Sublocation/DestroyRequestTest.php" tests="1" assertions="1" errors="0" failures="0" skipped="0" time="0.034525">
        <testcase name="test_request_instance" file="/app/vendor/gammamatrix/playground-test/src/Unit/Http/Requests/RequestCase.php" line="42" class="Tests\Unit\Playground\Directory\Api\Http\Requests\Sublocation\DestroyRequestTest" classname="Tests.Unit.Playground.Directory.Api.Http.Requests.Sublocation.DestroyRequestTest" assertions="1" time="0.034525"/>
      </testsuite>
      <testsuite name="Tests\Unit\Playground\Directory\Api\Http\Requests\Sublocation\EditRequestTest" file="/app/tests/Unit/Http/Requests/Sublocation/EditRequestTest.php" tests="1" assertions="1" errors="0" failures="0" skipped="0" time="0.034254">
        <testcase name="test_request_instance" file="/app/vendor/gammamatrix/playground-test/src/Unit/Http/Requests/RequestCase.php" line="42" class="Tests\Unit\Playground\Directory\Api\Http\Requests\Sublocation\EditRequestTest" classname="Tests.Unit.Playground.Directory.Api.Http.Requests.Sublocation.EditRequestTest" assertions="1" time="0.034254"/>
      </testsuite>
      <testsuite name="Tests\Unit\Playground\Directory\Api\Http\Requests\Sublocation\IndexRequestTest" file="/app/tests/Unit/Http/Requests/Sublocation/IndexRequestTest.php" tests="1" assertions="1" errors="0" failures="0" skipped="0" time="0.033461">
        <testcase name="test_request_instance" file="/app/vendor/gammamatrix/playground-test/src/Unit/Http/Requests/RequestCase.php" line="42" class="Tests\Unit\Playground\Directory\Api\Http\Requests\Sublocation\IndexRequestTest" classname="Tests.Unit.Playground.Directory.Api.Http.Requests.Sublocation.IndexRequestTest" assertions="1" time="0.033461"/>
      </testsuite>
      <testsuite name="Tests\Unit\Playground\Directory\Api\Http\Requests\Sublocation\LockRequestTest" file="/app/tests/Unit/Http/Requests/Sublocation/LockRequestTest.php" tests="1" assertions="1" errors="0" failures="0" skipped="0" time="0.031053">
        <testcase name="test_request_instance" file="/app/vendor/gammamatrix/playground-test/src/Unit/Http/Requests/RequestCase.php" line="42" class="Tests\Unit\Playground\Directory\Api\Http\Requests\Sublocation\LockRequestTest" classname="Tests.Unit.Playground.Directory.Api.Http.Requests.Sublocation.LockRequestTest" assertions="1" time="0.031053"/>
      </testsuite>
      <testsuite name="Tests\Unit\Playground\Directory\Api\Http\Requests\Sublocation\RestoreRequestTest" file="/app/tests/Unit/Http/Requests/Sublocation/RestoreRequestTest.php" tests="1" assertions="1" errors="0" failures="0" skipped="0" time="0.030089">
        <testcase name="test_request_instance" file="/app/vendor/gammamatrix/playground-test/src/Unit/Http/Requests/RequestCase.php" line="42" class="Tests\Unit\Playground\Directory\Api\Http\Requests\Sublocation\RestoreRequestTest" classname="Tests.Unit.Playground.Directory.Api.Http.Requests.Sublocation.RestoreRequestTest" assertions="1" time="0.030089"/>
      </testsuite>
      <testsuite name="Tests\Unit\Playground\Directory\Api\Http\Requests\Sublocation\ShowRequestTest" file="/app/tests/Unit/Http/Requests/Sublocation/ShowRequestTest.php" tests="1" assertions="1" errors="0" failures="0" skipped="0" time="0.029824">
        <testcase name="test_request_instance" file="/app/vendor/gammamatrix/playground-test/src/Unit/Http/Requests/RequestCase.php" line="42" class="Tests\Unit\Playground\Directory\Api\Http\Requests\Sublocation\ShowRequestTest" classname="Tests.Unit.Playground.Directory.Api.Http.Requests.Sublocation.ShowRequestTest" assertions="1" time="0.029824"/>
      </testsuite>
      <testsuite name="Tests\Unit\Playground\Directory\Api\Http\Requests\Sublocation\StoreRequestTest" file="/app/tests/Unit/Http/Requests/Sublocation/StoreRequestTest.php" tests="3" assertions="8" errors="0" failures="0" skipped="0" time="0.095898">
        <testcase name="test_request_instance" file="/app/vendor/gammamatrix/playground-test/src/Unit/Http/Requests/RequestCase.php" line="42" class="Tests\Unit\Playground\Directory\Api\Http\Requests\Sublocation\StoreRequestTest" classname="Tests.Unit.Playground.Directory.Api.Http.Requests.Sublocation.StoreRequestTest" assertions="1" time="0.030764"/>
        <testcase name="test_store_request_rules_with_optional_revisions_disabled" file="/app/tests/Unit/Http/Requests/Sublocation/StoreRequestTest.php" line="21" class="Tests\Unit\Playground\Directory\Api\Http\Requests\Sublocation\StoreRequestTest" classname="Tests.Unit.Playground.Directory.Api.Http.Requests.Sublocation.StoreRequestTest" assertions="3" time="0.032603"/>
        <testcase name="test_store_request_rules_with_optional_revisions_enabled" file="/app/tests/Unit/Http/Requests/Sublocation/StoreRequestTest.php" line="31" class="Tests\Unit\Playground\Directory\Api\Http\Requests\Sublocation\StoreRequestTest" classname="Tests.Unit.Playground.Directory.Api.Http.Requests.Sublocation.StoreRequestTest" assertions="4" time="0.032530"/>
      </testsuite>
      <testsuite name="Tests\Unit\Playground\Directory\Api\Http\Requests\Sublocation\UnlockRequestTest" file="/app/tests/Unit/Http/Requests/Sublocation/UnlockRequestTest.php" tests="1" assertions="1" errors="0" failures="0" skipped="0" time="0.030968">
        <testcase name="test_request_instance" file="/app/vendor/gammamatrix/playground-test/src/Unit/Http/Requests/RequestCase.php" line="42" class="Tests\Unit\Playground\Directory\Api\Http\Requests\Sublocation\UnlockRequestTest" classname="Tests.Unit.Playground.Directory.Api.Http.Requests.Sublocation.UnlockRequestTest" assertions="1" time="0.030968"/>
      </testsuite>
      <testsuite name="Tests\Unit\Playground\Directory\Api\Http\Requests\Sublocation\UpdateRequestTest" file="/app/tests/Unit/Http/Requests/Sublocation/UpdateRequestTest.php" tests="3" assertions="8" errors="0" failures="0" skipped="0" time="0.091672">
        <testcase name="test_request_instance" file="/app/vendor/gammamatrix/playground-test/src/Unit/Http/Requests/RequestCase.php" line="42" class="Tests\Unit\Playground\Directory\Api\Http\Requests\Sublocation\UpdateRequestTest" classname="Tests.Unit.Playground.Directory.Api.Http.Requests.Sublocation.UpdateRequestTest" assertions="1" time="0.030951"/>
        <testcase name="test_update_request_rules_with_optional_revisions_disabled" file="/app/tests/Unit/Http/Requests/Sublocation/UpdateRequestTest.php" line="21" class="Tests\Unit\Playground\Directory\Api\Http\Requests\Sublocation\UpdateRequestTest" classname="Tests.Unit.Playground.Directory.Api.Http.Requests.Sublocation.UpdateRequestTest" assertions="3" time="0.030270"/>
        <testcase name="test_update_request_rules_with_optional_revisions_enabled" file="/app/tests/Unit/Http/Requests/Sublocation/UpdateRequestTest.php" line="31" class="Tests\Unit\Playground\Directory\Api\Http\Requests\Sublocation\UpdateRequestTest" classname="Tests.Unit.Playground.Directory.Api.Http.Requests.Sublocation.UpdateRequestTest" assertions="4" time="0.030451"/>
      </testsuite>
      <testsuite name="Tests\Unit\Playground\Directory\Api\Policies\LocationPolicy\PolicyTest" file="/app/tests/Unit/Policies/LocationPolicy/PolicyTest.php" tests="1" assertions="1" errors="0" failures="0" skipped="0" time="0.029460">
        <testcase name="test_policy_instance" file="/app/tests/Unit/Policies/LocationPolicy/PolicyTest.php" line="21" class="Tests\Unit\Playground\Directory\Api\Policies\LocationPolicy\PolicyTest" classname="Tests.Unit.Playground.Directory.Api.Policies.LocationPolicy.PolicyTest" assertions="1" time="0.029460"/>
      </testsuite>
      <testsuite name="Tests\Unit\Playground\Directory\Api\Policies\SublocationPolicy\PolicyTest" file="/app/tests/Unit/Policies/SublocationPolicy/PolicyTest.php" tests="1" assertions="1" errors="0" failures="0" skipped="0" time="0.029928">
        <testcase name="test_policy_instance" file="/app/tests/Unit/Policies/SublocationPolicy/PolicyTest.php" line="21" class="Tests\Unit\Playground\Directory\Api\Policies\SublocationPolicy\PolicyTest" classname="Tests.Unit.Playground.Directory.Api.Policies.SublocationPolicy.PolicyTest" assertions="1" time="0.029928"/>
      </testsuite>
      <testsuite name="Tests\Unit\Playground\Directory\Api\ServiceProvider\InstanceTest" file="/app/tests/Unit/ServiceProvider/InstanceTest.php" tests="4" assertions="8" errors="0" failures="0" skipped="0" time="0.124516">
        <testcase name="test_version_matches" file="/app/tests/Unit/ServiceProvider/InstanceTest.php" line="22" class="Tests\Unit\Playground\Directory\Api\ServiceProvider\InstanceTest" classname="Tests.Unit.Playground.Directory.Api.ServiceProvider.InstanceTest" assertions="3" time="0.029473"/>
        <testcase name="test_set_policies_with_empty_array" file="/app/tests/Unit/ServiceProvider/InstanceTest.php" line="32" class="Tests\Unit\Playground\Directory\Api\ServiceProvider\InstanceTest" classname="Tests.Unit.Playground.Directory.Api.ServiceProvider.InstanceTest" assertions="1" time="0.030051"/>
        <testcase name="test_set_policies_with_invalid_model" file="/app/tests/Unit/ServiceProvider/InstanceTest.php" line="46" class="Tests\Unit\Playground\Directory\Api\ServiceProvider\InstanceTest" classname="Tests.Unit.Playground.Directory.Api.ServiceProvider.InstanceTest" assertions="2" time="0.032764"/>
        <testcase name="test_set_policies_with_invalid_policy" file="/app/tests/Unit/ServiceProvider/InstanceTest.php" line="77" class="Tests\Unit\Playground\Directory\Api\ServiceProvider\InstanceTest" classname="Tests.Unit.Playground.Directory.Api.ServiceProvider.InstanceTest" assertions="2" time="0.032228"/>
      </testsuite>
    </testsuite>
    <testsuite name="Feature" tests="90" assertions="2700" errors="0" failures="0" skipped="0" time="18.945793">
      <testsuite name="Tests\Feature\Playground\Directory\Api\Console\Commands\About\CommandTest" file="/app/tests/Feature/Console/Commands/About/CommandTest.php" tests="1" assertions="2" errors="0" failures="0" skipped="0" time="0.349075">
        <testcase name="test_command_about_displays_package_information_and_succeed" file="/app/tests/Feature/Console/Commands/About/CommandTest.php" line="23" class="Tests\Feature\Playground\Directory\Api\Console\Commands\About\CommandTest" classname="Tests.Feature.Playground.Directory.Api.Console.Commands.About.CommandTest" assertions="2" time="0.349075"/>
      </testsuite>
      <testsuite name="Tests\Feature\Playground\Directory\Api\Http\Controllers\Playground\LocationRouteTest" file="/app/tests/Feature/Http/Controllers/Playground/LocationRouteTest.php" tests="44" assertions="1342" errors="0" failures="0" skipped="0" time="9.300825">
        <testcase name="test_json_guest_cannot_get_create_info" file="/app/vendor/gammamatrix/playground-test/src/Feature/Http/Controllers/Resource/Playground/CreateJsonTrait.php" line="39" class="Tests\Feature\Playground\Directory\Api\Http\Controllers\Playground\LocationRouteTest" classname="Tests.Feature.Playground.Directory.Api.Http.Controllers.Playground.LocationRouteTest" assertions="1" time="0.194428"/>
        <testcase name="test_json_admin_can_get_create_info" file="/app/vendor/gammamatrix/playground-test/src/Feature/Http/Controllers/Resource/Playground/CreateJsonTrait.php" line="54" class="Tests\Feature\Playground\Directory\Api\Http\Controllers\Playground\LocationRouteTest" classname="Tests.Feature.Playground.Directory.Api.Http.Controllers.Playground.LocationRouteTest" assertions="94" time="0.216951"/>
        <testcase name="test_json_get_create_info_as_admin_with_invalid_parameter_and_fail_validation" file="/app/vendor/gammamatrix/playground-test/src/Feature/Http/Controllers/Resource/Playground/CreateJsonTrait.php" line="74" class="Tests\Feature\Playground\Directory\Api\Http\Controllers\Playground\LocationRouteTest" classname="Tests.Feature.Playground.Directory.Api.Http.Controllers.Playground.LocationRouteTest" assertions="4" time="0.196762"/>
        <testcase name="test_json_guest_cannot_destroy" file="/app/vendor/gammamatrix/playground-test/src/Feature/Http/Controllers/Resource/Playground/DestroyJsonTrait.php" line="32" class="Tests\Feature\Playground\Directory\Api\Http\Controllers\Playground\LocationRouteTest" classname="Tests.Feature.Playground.Directory.Api.Http.Controllers.Playground.LocationRouteTest" assertions="3" time="0.179251"/>
        <testcase name="test_json_destroy_as_admin_and_succeed" file="/app/vendor/gammamatrix/playground-test/src/Feature/Http/Controllers/Resource/Playground/DestroyJsonTrait.php" line="62" class="Tests\Feature\Playground\Directory\Api\Http\Controllers\Playground\LocationRouteTest" classname="Tests.Feature.Playground.Directory.Api.Http.Controllers.Playground.LocationRouteTest" assertions="5" time="0.195173"/>
        <testcase name="test_json_destroy_as_admin_and_succeed_with_force_delete" file="/app/vendor/gammamatrix/playground-test/src/Feature/Http/Controllers/Resource/Playground/DestroyJsonTrait.php" line="101" class="Tests\Feature\Playground\Directory\Api\Http\Controllers\Playground\LocationRouteTest" classname="Tests.Feature.Playground.Directory.Api.Http.Controllers.Playground.LocationRouteTest" assertions="4" time="0.194227"/>
        <testcase name="test_json_destroy_as_admin_and_succeed_with_no_content" file="/app/vendor/gammamatrix/playground-test/src/Feature/Http/Controllers/Resource/Playground/DestroyJsonTrait.php" line="133" class="Tests\Feature\Playground\Directory\Api\Http\Controllers\Playground\LocationRouteTest" classname="Tests.Feature.Playground.Directory.Api.Http.Controllers.Playground.LocationRouteTest" assertions="5" time="0.201709"/>
        <testcase name="test_json_destroy_as_admin_and_succeed_and_ignore_redirect" file="/app/vendor/gammamatrix/playground-test/src/Feature/Http/Controllers/Resource/Playground/DestroyJsonTrait.php" line="168" class="Tests\Feature\Playground\Directory\Api\Http\Controllers\Playground\LocationRouteTest" classname="Tests.Feature.Playground.Directory.Api.Http.Controllers.Playground.LocationRouteTest" assertions="5" time="0.206048"/>
        <testcase name="test_json_destroy_as_user_and_get_denied_and_no_force_delete_allowed" file="/app/vendor/gammamatrix/playground-test/src/Feature/Http/Controllers/Resource/Playground/DestroyJsonTrait.php" line="210" class="Tests\Feature\Playground\Directory\Api\Http\Controllers\Playground\LocationRouteTest" classname="Tests.Feature.Playground.Directory.Api.Http.Controllers.Playground.LocationRouteTest" assertions="3" time="0.200716"/>
        <testcase name="test_json_guest_cannot_get_edit_info" file="/app/vendor/gammamatrix/playground-test/src/Feature/Http/Controllers/Resource/Playground/EditJsonTrait.php" line="39" class="Tests\Feature\Playground\Directory\Api\Http\Controllers\Playground\LocationRouteTest" classname="Tests.Feature.Playground.Directory.Api.Http.Controllers.Playground.LocationRouteTest" assertions="1" time="0.189460"/>
        <testcase name="test_json_admin_can_get_edit_info" file="/app/vendor/gammamatrix/playground-test/src/Feature/Http/Controllers/Resource/Playground/EditJsonTrait.php" line="59" class="Tests\Feature\Playground\Directory\Api\Http\Controllers\Playground\LocationRouteTest" classname="Tests.Feature.Playground.Directory.Api.Http.Controllers.Playground.LocationRouteTest" assertions="4" time="0.215690"/>
        <testcase name="test_json_edit_as_admin_and_fail_validation_with_invalid_parameter" file="/app/vendor/gammamatrix/playground-test/src/Feature/Http/Controllers/Resource/Playground/EditJsonTrait.php" line="88" class="Tests\Feature\Playground\Directory\Api\Http\Controllers\Playground\LocationRouteTest" classname="Tests.Feature.Playground.Directory.Api.Http.Controllers.Playground.LocationRouteTest" assertions="4" time="0.212244"/>
        <testcase name="test_json_guest_cannot_get_index" file="/app/vendor/gammamatrix/playground-test/src/Feature/Http/Controllers/Resource/Playground/IndexJsonTrait.php" line="35" class="Tests\Feature\Playground\Directory\Api\Http\Controllers\Playground\LocationRouteTest" classname="Tests.Feature.Playground.Directory.Api.Http.Controllers.Playground.LocationRouteTest" assertions="1" time="0.180712"/>
        <testcase name="test_json_admin_can_get_index" file="/app/vendor/gammamatrix/playground-test/src/Feature/Http/Controllers/Resource/Playground/IndexJsonTrait.php" line="50" class="Tests\Feature\Playground\Directory\Api\Http\Controllers\Playground\LocationRouteTest" classname="Tests.Feature.Playground.Directory.Api.Http.Controllers.Playground.LocationRouteTest" assertions="98" time="0.205275"/>
        <testcase name="test_json_admin_can_get_index_with_filters" file="/app/vendor/gammamatrix/playground-test/src/Feature/Http/Controllers/Resource/Playground/IndexJsonTrait.php" line="86" class="Tests\Feature\Playground\Directory\Api\Http\Controllers\Playground\LocationRouteTest" classname="Tests.Feature.Playground.Directory.Api.Http.Controllers.Playground.LocationRouteTest" assertions="3" time="0.209465"/>
        <testcase name="test_json_guest_cannot_lock" file="/app/vendor/gammamatrix/playground-test/src/Feature/Http/Controllers/Resource/Playground/LockJsonTrait.php" line="37" class="Tests\Feature\Playground\Directory\Api\Http\Controllers\Playground\LocationRouteTest" classname="Tests.Feature.Playground.Directory.Api.Http.Controllers.Playground.LocationRouteTest" assertions="3" time="0.187785"/>
        <testcase name="test_json_lock_as_admin_and_succeed" file="/app/vendor/gammamatrix/playground-test/src/Feature/Http/Controllers/Resource/Playground/LockJsonTrait.php" line="67" class="Tests\Feature\Playground\Directory\Api\Http\Controllers\Playground\LocationRouteTest" classname="Tests.Feature.Playground.Directory.Api.Http.Controllers.Playground.LocationRouteTest" assertions="3" time="0.207364"/>
        <testcase name="test_json_lock_as_admin_and_succeed_with_no_redirect" file="/app/vendor/gammamatrix/playground-test/src/Feature/Http/Controllers/Resource/Playground/LockJsonTrait.php" line="99" class="Tests\Feature\Playground\Directory\Api\Http\Controllers\Playground\LocationRouteTest" classname="Tests.Feature.Playground.Directory.Api.Http.Controllers.Playground.LocationRouteTest" assertions="96" time="0.206707"/>
        <testcase name="test_json_lock_as_user_and_get_denied" file="/app/vendor/gammamatrix/playground-test/src/Feature/Http/Controllers/Resource/Playground/LockJsonTrait.php" line="144" class="Tests\Feature\Playground\Directory\Api\Http\Controllers\Playground\LocationRouteTest" classname="Tests.Feature.Playground.Directory.Api.Http.Controllers.Playground.LocationRouteTest" assertions="3" time="0.196258"/>
        <testcase name="test_json_guest_cannot_restore" file="/app/vendor/gammamatrix/playground-test/src/Feature/Http/Controllers/Resource/Playground/RestoreJsonTrait.php" line="33" class="Tests\Feature\Playground\Directory\Api\Http\Controllers\Playground\LocationRouteTest" classname="Tests.Feature.Playground.Directory.Api.Http.Controllers.Playground.LocationRouteTest" assertions="3" time="0.189897"/>
        <testcase name="test_json_restore_as_admin_and_succeed" file="/app/vendor/gammamatrix/playground-test/src/Feature/Http/Controllers/Resource/Playground/RestoreJsonTrait.php" line="65" class="Tests\Feature\Playground\Directory\Api\Http\Controllers\Playground\LocationRouteTest" classname="Tests.Feature.Playground.Directory.Api.Http.Controllers.Playground.LocationRouteTest" assertions="96" time="0.207386"/>
        <testcase name="test_json_restore_as_admin_and_succeed_with_no_redirect" file="/app/vendor/gammamatrix/playground-test/src/Feature/Http/Controllers/Resource/Playground/RestoreJsonTrait.php" line="101" class="Tests\Feature\Playground\Directory\Api\Http\Controllers\Playground\LocationRouteTest" classname="Tests.Feature.Playground.Directory.Api.Http.Controllers.Playground.LocationRouteTest" assertions="96" time="0.207334"/>
        <testcase name="test_json_restore_as_user_and_get_denied" file="/app/vendor/gammamatrix/playground-test/src/Feature/Http/Controllers/Resource/Playground/RestoreJsonTrait.php" line="144" class="Tests\Feature\Playground\Directory\Api\Http\Controllers\Playground\LocationRouteTest" classname="Tests.Feature.Playground.Directory.Api.Http.Controllers.Playground.LocationRouteTest" assertions="3" time="0.199455"/>
        <testcase name="test_json_guest_cannot_restore_revision" file="/app/vendor/gammamatrix/playground-test/src/Feature/Http/Controllers/Resource/Playground/RestoreRevisionJsonTrait.php" line="44" class="Tests\Feature\Playground\Directory\Api\Http\Controllers\Playground\LocationRouteTest" classname="Tests.Feature.Playground.Directory.Api.Http.Controllers.Playground.LocationRouteTest" assertions="3" time="0.198852"/>
        <testcase name="test_json_restore_revision_as_admin_and_succeed" file="/app/vendor/gammamatrix/playground-test/src/Feature/Http/Controllers/Resource/Playground/RestoreRevisionJsonTrait.php" line="80" class="Tests\Feature\Playground\Directory\Api\Http\Controllers\Playground\LocationRouteTest" classname="Tests.Feature.Playground.Directory.Api.Http.Controllers.Playground.LocationRouteTest" assertions="96" time="0.275708"/>
        <testcase name="test_json_restore_revision_as_admin_and_succeed_without_redirect" file="/app/vendor/gammamatrix/playground-test/src/Feature/Http/Controllers/Resource/Playground/RestoreRevisionJsonTrait.php" line="120" class="Tests\Feature\Playground\Directory\Api\Http\Controllers\Playground\LocationRouteTest" classname="Tests.Feature.Playground.Directory.Api.Http.Controllers.Playground.LocationRouteTest" assertions="96" time="0.276170"/>
        <testcase name="test_json_restore_revision_as_user_and_get_denied" file="/app/vendor/gammamatrix/playground-test/src/Feature/Http/Controllers/Resource/Playground/RestoreRevisionJsonTrait.php" line="172" class="Tests\Feature\Playground\Directory\Api\Http\Controllers\Playground\LocationRouteTest" classname="Tests.Feature.Playground.Directory.Api.Http.Controllers.Playground.LocationRouteTest" assertions="3" time="0.209544"/>
        <testcase name="test_json_guest_cannot_render_revision_view" file="/app/vendor/gammamatrix/playground-test/src/Feature/Http/Controllers/Resource/Playground/RevisionJsonTrait.php" line="39" class="Tests\Feature\Playground\Directory\Api\Http\Controllers\Playground\LocationRouteTest" classname="Tests.Feature.Playground.Directory.Api.Http.Controllers.Playground.LocationRouteTest" assertions="2" time="0.195627"/>
        <testcase name="test_json_admin_can_get_revision_info" file="/app/vendor/gammamatrix/playground-test/src/Feature/Http/Controllers/Resource/Playground/RevisionJsonTrait.php" line="70" class="Tests\Feature\Playground\Directory\Api\Http\Controllers\Playground\LocationRouteTest" classname="Tests.Feature.Playground.Directory.Api.Http.Controllers.Playground.LocationRouteTest" assertions="95" time="0.221877"/>
        <testcase name="test_json_guest_cannot_get_revisions" file="/app/vendor/gammamatrix/playground-test/src/Feature/Http/Controllers/Resource/Playground/RevisionsJsonTrait.php" line="35" class="Tests\Feature\Playground\Directory\Api\Http\Controllers\Playground\LocationRouteTest" classname="Tests.Feature.Playground.Directory.Api.Http.Controllers.Playground.LocationRouteTest" assertions="2" time="0.198348"/>
        <testcase name="test_json_admin_can_get_revisions" file="/app/vendor/gammamatrix/playground-test/src/Feature/Http/Controllers/Resource/Playground/RevisionsJsonTrait.php" line="64" class="Tests\Feature\Playground\Directory\Api\Http\Controllers\Playground\LocationRouteTest" classname="Tests.Feature.Playground.Directory.Api.Http.Controllers.Playground.LocationRouteTest" assertions="2" time="0.243661"/>
        <testcase name="test_json_admin_can_get_revisions_with_filters" file="/app/vendor/gammamatrix/playground-test/src/Feature/Http/Controllers/Resource/Playground/RevisionsJsonTrait.php" line="105" class="Tests\Feature\Playground\Directory\Api\Http\Controllers\Playground\LocationRouteTest" classname="Tests.Feature.Playground.Directory.Api.Http.Controllers.Playground.LocationRouteTest" assertions="99" time="0.234517"/>
        <testcase name="test_json_guest_cannot_see_info" file="/app/vendor/gammamatrix/playground-test/src/Feature/Http/Controllers/Resource/Playground/ShowJsonTrait.php" line="30" class="Tests\Feature\Playground\Directory\Api\Http\Controllers\Playground\LocationRouteTest" classname="Tests.Feature.Playground.Directory.Api.Http.Controllers.Playground.LocationRouteTest" assertions="1" time="0.187873"/>
        <testcase name="test_json_show_info_for_admin" file="/app/vendor/gammamatrix/playground-test/src/Feature/Http/Controllers/Resource/Playground/ShowJsonTrait.php" line="50" class="Tests\Feature\Playground\Directory\Api\Http\Controllers\Playground\LocationRouteTest" classname="Tests.Feature.Playground.Directory.Api.Http.Controllers.Playground.LocationRouteTest" assertions="95" time="0.211832"/>
        <testcase name="test_json_guest_cannot_store" file="/app/vendor/gammamatrix/playground-test/src/Feature/Http/Controllers/Resource/Playground/StoreJsonTrait.php" line="44" class="Tests\Feature\Playground\Directory\Api\Http\Controllers\Playground\LocationRouteTest" classname="Tests.Feature.Playground.Directory.Api.Http.Controllers.Playground.LocationRouteTest" assertions="3" time="0.192293"/>
        <testcase name="test_json_store_as_admin_without_payload_and_fail_validation" file="/app/vendor/gammamatrix/playground-test/src/Feature/Http/Controllers/Resource/Playground/StoreJsonTrait.php" line="67" class="Tests\Feature\Playground\Directory\Api\Http\Controllers\Playground\LocationRouteTest" classname="Tests.Feature.Playground.Directory.Api.Http.Controllers.Playground.LocationRouteTest" assertions="5" time="0.201170"/>
        <testcase name="test_json_store_as_admin_and_succeed" file="/app/vendor/gammamatrix/playground-test/src/Feature/Http/Controllers/Resource/Playground/StoreJsonTrait.php" line="93" class="Tests\Feature\Playground\Directory\Api\Http\Controllers\Playground\LocationRouteTest" classname="Tests.Feature.Playground.Directory.Api.Http.Controllers.Playground.LocationRouteTest" assertions="3" time="0.274904"/>
        <testcase name="test_json_guest_cannot_unlock" file="/app/vendor/gammamatrix/playground-test/src/Feature/Http/Controllers/Resource/Playground/UnlockJsonTrait.php" line="37" class="Tests\Feature\Playground\Directory\Api\Http\Controllers\Playground\LocationRouteTest" classname="Tests.Feature.Playground.Directory.Api.Http.Controllers.Playground.LocationRouteTest" assertions="3" time="0.193189"/>
        <testcase name="test_json_unlock_as_admin_and_succeed" file="/app/vendor/gammamatrix/playground-test/src/Feature/Http/Controllers/Resource/Playground/UnlockJsonTrait.php" line="69" class="Tests\Feature\Playground\Directory\Api\Http\Controllers\Playground\LocationRouteTest" classname="Tests.Feature.Playground.Directory.Api.Http.Controllers.Playground.LocationRouteTest" assertions="96" time="0.214199"/>
        <testcase name="test_json_unlock_as_admin_and_succeed_with_no_redirect" file="/app/vendor/gammamatrix/playground-test/src/Feature/Http/Controllers/Resource/Playground/UnlockJsonTrait.php" line="105" class="Tests\Feature\Playground\Directory\Api\Http\Controllers\Playground\LocationRouteTest" classname="Tests.Feature.Playground.Directory.Api.Http.Controllers.Playground.LocationRouteTest" assertions="96" time="0.214535"/>
        <testcase name="test_json_unlock_as_user_and_get_denied" file="/app/vendor/gammamatrix/playground-test/src/Feature/Http/Controllers/Resource/Playground/UnlockJsonTrait.php" line="146" class="Tests\Feature\Playground\Directory\Api\Http\Controllers\Playground\LocationRouteTest" classname="Tests.Feature.Playground.Directory.Api.Http.Controllers.Playground.LocationRouteTest" assertions="3" time="0.204181"/>
        <testcase name="test_json_guest_cannot_update" file="/app/vendor/gammamatrix/playground-test/src/Feature/Http/Controllers/Resource/Playground/UpdateJsonTrait.php" line="46" class="Tests\Feature\Playground\Directory\Api\Http\Controllers\Playground\LocationRouteTest" classname="Tests.Feature.Playground.Directory.Api.Http.Controllers.Playground.LocationRouteTest" assertions="1" time="0.190094"/>
        <testcase name="test_json_update_as_admin_without_payload_and_passes_validation" file="/app/vendor/gammamatrix/playground-test/src/Feature/Http/Controllers/Resource/Playground/UpdateJsonTrait.php" line="66" class="Tests\Feature\Playground\Directory\Api\Http\Controllers\Playground\LocationRouteTest" classname="Tests.Feature.Playground.Directory.Api.Http.Controllers.Playground.LocationRouteTest" assertions="2" time="0.244012"/>
        <testcase name="test_json_admin_can_update" file="/app/vendor/gammamatrix/playground-test/src/Feature/Http/Controllers/Resource/Playground/UpdateJsonTrait.php" line="114" class="Tests\Feature\Playground\Directory\Api\Http\Controllers\Playground\LocationRouteTest" classname="Tests.Feature.Playground.Directory.Api.Http.Controllers.Playground.LocationRouteTest" assertions="98" time="0.317940"/>
      </testsuite>
      <testsuite name="Tests\Feature\Playground\Directory\Api\Http\Controllers\Playground\SublocationRouteTest" file="/app/tests/Feature/Http/Controllers/Playground/SublocationRouteTest.php" tests="44" assertions="1355" errors="0" failures="0" skipped="0" time="9.124614">
        <testcase name="test_json_guest_cannot_get_create_info" file="/app/vendor/gammamatrix/playground-test/src/Feature/Http/Controllers/Resource/Playground/CreateJsonTrait.php" line="39" class="Tests\Feature\Playground\Directory\Api\Http\Controllers\Playground\SublocationRouteTest" classname="Tests.Feature.Playground.Directory.Api.Http.Controllers.Playground.SublocationRouteTest" assertions="1" time="0.169947"/>
        <testcase name="test_json_admin_can_get_create_info" file="/app/vendor/gammamatrix/playground-test/src/Feature/Http/Controllers/Resource/Playground/CreateJsonTrait.php" line="54" class="Tests\Feature\Playground\Directory\Api\Http\Controllers\Playground\SublocationRouteTest" classname="Tests.Feature.Playground.Directory.Api.Http.Controllers.Playground.SublocationRouteTest" assertions="95" time="0.195368"/>
        <testcase name="test_json_get_create_info_as_admin_with_invalid_parameter_and_fail_validation" file="/app/vendor/gammamatrix/playground-test/src/Feature/Http/Controllers/Resource/Playground/CreateJsonTrait.php" line="74" class="Tests\Feature\Playground\Directory\Api\Http\Controllers\Playground\SublocationRouteTest" classname="Tests.Feature.Playground.Directory.Api.Http.Controllers.Playground.SublocationRouteTest" assertions="4" time="0.191811"/>
        <testcase name="test_json_guest_cannot_destroy" file="/app/vendor/gammamatrix/playground-test/src/Feature/Http/Controllers/Resource/Playground/DestroyJsonTrait.php" line="32" class="Tests\Feature\Playground\Directory\Api\Http\Controllers\Playground\SublocationRouteTest" classname="Tests.Feature.Playground.Directory.Api.Http.Controllers.Playground.SublocationRouteTest" assertions="3" time="0.182058"/>
        <testcase name="test_json_destroy_as_admin_and_succeed" file="/app/vendor/gammamatrix/playground-test/src/Feature/Http/Controllers/Resource/Playground/DestroyJsonTrait.php" line="62" class="Tests\Feature\Playground\Directory\Api\Http\Controllers\Playground\SublocationRouteTest" classname="Tests.Feature.Playground.Directory.Api.Http.Controllers.Playground.SublocationRouteTest" assertions="5" time="0.195729"/>
        <testcase name="test_json_destroy_as_admin_and_succeed_with_force_delete" file="/app/vendor/gammamatrix/playground-test/src/Feature/Http/Controllers/Resource/Playground/DestroyJsonTrait.php" line="101" class="Tests\Feature\Playground\Directory\Api\Http\Controllers\Playground\SublocationRouteTest" classname="Tests.Feature.Playground.Directory.Api.Http.Controllers.Playground.SublocationRouteTest" assertions="4" time="0.193283"/>
        <testcase name="test_json_destroy_as_admin_and_succeed_with_no_content" file="/app/vendor/gammamatrix/playground-test/src/Feature/Http/Controllers/Resource/Playground/DestroyJsonTrait.php" line="133" class="Tests\Feature\Playground\Directory\Api\Http\Controllers\Playground\SublocationRouteTest" classname="Tests.Feature.Playground.Directory.Api.Http.Controllers.Playground.SublocationRouteTest" assertions="5" time="0.193909"/>
        <testcase name="test_json_destroy_as_admin_and_succeed_and_ignore_redirect" file="/app/vendor/gammamatrix/playground-test/src/Feature/Http/Controllers/Resource/Playground/DestroyJsonTrait.php" line="168" class="Tests\Feature\Playground\Directory\Api\Http\Controllers\Playground\SublocationRouteTest" classname="Tests.Feature.Playground.Directory.Api.Http.Controllers.Playground.SublocationRouteTest" assertions="5" time="0.194277"/>
        <testcase name="test_json_destroy_as_user_and_get_denied_and_no_force_delete_allowed" file="/app/vendor/gammamatrix/playground-test/src/Feature/Http/Controllers/Resource/Playground/DestroyJsonTrait.php" line="210" class="Tests\Feature\Playground\Directory\Api\Http\Controllers\Playground\SublocationRouteTest" classname="Tests.Feature.Playground.Directory.Api.Http.Controllers.Playground.SublocationRouteTest" assertions="3" time="0.194384"/>
        <testcase name="test_json_guest_cannot_get_edit_info" file="/app/vendor/gammamatrix/playground-test/src/Feature/Http/Controllers/Resource/Playground/EditJsonTrait.php" line="39" class="Tests\Feature\Playground\Directory\Api\Http\Controllers\Playground\SublocationRouteTest" classname="Tests.Feature.Playground.Directory.Api.Http.Controllers.Playground.SublocationRouteTest" assertions="1" time="0.180153"/>
        <testcase name="test_json_admin_can_get_edit_info" file="/app/vendor/gammamatrix/playground-test/src/Feature/Http/Controllers/Resource/Playground/EditJsonTrait.php" line="59" class="Tests\Feature\Playground\Directory\Api\Http\Controllers\Playground\SublocationRouteTest" classname="Tests.Feature.Playground.Directory.Api.Http.Controllers.Playground.SublocationRouteTest" assertions="4" time="0.205457"/>
        <testcase name="test_json_edit_as_admin_and_fail_validation_with_invalid_parameter" file="/app/vendor/gammamatrix/playground-test/src/Feature/Http/Controllers/Resource/Playground/EditJsonTrait.php" line="88" class="Tests\Feature\Playground\Directory\Api\Http\Controllers\Playground\SublocationRouteTest" classname="Tests.Feature.Playground.Directory.Api.Http.Controllers.Playground.SublocationRouteTest" assertions="4" time="0.205158"/>
        <testcase name="test_json_guest_cannot_get_index" file="/app/vendor/gammamatrix/playground-test/src/Feature/Http/Controllers/Resource/Playground/IndexJsonTrait.php" line="35" class="Tests\Feature\Playground\Directory\Api\Http\Controllers\Playground\SublocationRouteTest" classname="Tests.Feature.Playground.Directory.Api.Http.Controllers.Playground.SublocationRouteTest" assertions="1" time="0.183658"/>
        <testcase name="test_json_admin_can_get_index" file="/app/vendor/gammamatrix/playground-test/src/Feature/Http/Controllers/Resource/Playground/IndexJsonTrait.php" line="50" class="Tests\Feature\Playground\Directory\Api\Http\Controllers\Playground\SublocationRouteTest" classname="Tests.Feature.Playground.Directory.Api.Http.Controllers.Playground.SublocationRouteTest" assertions="99" time="0.208823"/>
        <testcase name="test_json_admin_can_get_index_with_filters" file="/app/vendor/gammamatrix/playground-test/src/Feature/Http/Controllers/Resource/Playground/IndexJsonTrait.php" line="86" class="Tests\Feature\Playground\Directory\Api\Http\Controllers\Playground\SublocationRouteTest" classname="Tests.Feature.Playground.Directory.Api.Http.Controllers.Playground.SublocationRouteTest" assertions="3" time="0.209765"/>
        <testcase name="test_json_guest_cannot_lock" file="/app/vendor/gammamatrix/playground-test/src/Feature/Http/Controllers/Resource/Playground/LockJsonTrait.php" line="37" class="Tests\Feature\Playground\Directory\Api\Http\Controllers\Playground\SublocationRouteTest" classname="Tests.Feature.Playground.Directory.Api.Http.Controllers.Playground.SublocationRouteTest" assertions="3" time="0.182894"/>
        <testcase name="test_json_lock_as_admin_and_succeed" file="/app/vendor/gammamatrix/playground-test/src/Feature/Http/Controllers/Resource/Playground/LockJsonTrait.php" line="67" class="Tests\Feature\Playground\Directory\Api\Http\Controllers\Playground\SublocationRouteTest" classname="Tests.Feature.Playground.Directory.Api.Http.Controllers.Playground.SublocationRouteTest" assertions="3" time="0.211856"/>
        <testcase name="test_json_lock_as_admin_and_succeed_with_no_redirect" file="/app/vendor/gammamatrix/playground-test/src/Feature/Http/Controllers/Resource/Playground/LockJsonTrait.php" line="99" class="Tests\Feature\Playground\Directory\Api\Http\Controllers\Playground\SublocationRouteTest" classname="Tests.Feature.Playground.Directory.Api.Http.Controllers.Playground.SublocationRouteTest" assertions="97" time="0.205591"/>
        <testcase name="test_json_lock_as_user_and_get_denied" file="/app/vendor/gammamatrix/playground-test/src/Feature/Http/Controllers/Resource/Playground/LockJsonTrait.php" line="144" class="Tests\Feature\Playground\Directory\Api\Http\Controllers\Playground\SublocationRouteTest" classname="Tests.Feature.Playground.Directory.Api.Http.Controllers.Playground.SublocationRouteTest" assertions="3" time="0.193568"/>
        <testcase name="test_json_guest_cannot_restore" file="/app/vendor/gammamatrix/playground-test/src/Feature/Http/Controllers/Resource/Playground/RestoreJsonTrait.php" line="33" class="Tests\Feature\Playground\Directory\Api\Http\Controllers\Playground\SublocationRouteTest" classname="Tests.Feature.Playground.Directory.Api.Http.Controllers.Playground.SublocationRouteTest" assertions="3" time="0.185491"/>
        <testcase name="test_json_restore_as_admin_and_succeed" file="/app/vendor/gammamatrix/playground-test/src/Feature/Http/Controllers/Resource/Playground/RestoreJsonTrait.php" line="65" class="Tests\Feature\Playground\Directory\Api\Http\Controllers\Playground\SublocationRouteTest" classname="Tests.Feature.Playground.Directory.Api.Http.Controllers.Playground.SublocationRouteTest" assertions="97" time="0.213339"/>
        <testcase name="test_json_restore_as_admin_and_succeed_with_no_redirect" file="/app/vendor/gammamatrix/playground-test/src/Feature/Http/Controllers/Resource/Playground/RestoreJsonTrait.php" line="101" class="Tests\Feature\Playground\Directory\Api\Http\Controllers\Playground\SublocationRouteTest" classname="Tests.Feature.Playground.Directory.Api.Http.Controllers.Playground.SublocationRouteTest" assertions="97" time="0.209996"/>
        <testcase name="test_json_restore_as_user_and_get_denied" file="/app/vendor/gammamatrix/playground-test/src/Feature/Http/Controllers/Resource/Playground/RestoreJsonTrait.php" line="144" class="Tests\Feature\Playground\Directory\Api\Http\Controllers\Playground\SublocationRouteTest" classname="Tests.Feature.Playground.Directory.Api.Http.Controllers.Playground.SublocationRouteTest" assertions="3" time="0.197623"/>
        <testcase name="test_json_guest_cannot_restore_revision" file="/app/vendor/gammamatrix/playground-test/src/Feature/Http/Controllers/Resource/Playground/RestoreRevisionJsonTrait.php" line="44" class="Tests\Feature\Playground\Directory\Api\Http\Controllers\Playground\SublocationRouteTest" classname="Tests.Feature.Playground.Directory.Api.Http.Controllers.Playground.SublocationRouteTest" assertions="3" time="0.203843"/>
        <testcase name="test_json_restore_revision_as_admin_and_succeed" file="/app/vendor/gammamatrix/playground-test/src/Feature/Http/Controllers/Resource/Playground/RestoreRevisionJsonTrait.php" line="80" class="Tests\Feature\Playground\Directory\Api\Http\Controllers\Playground\SublocationRouteTest" classname="Tests.Feature.Playground.Directory.Api.Http.Controllers.Playground.SublocationRouteTest" assertions="97" time="0.277985"/>
        <testcase name="test_json_restore_revision_as_admin_and_succeed_without_redirect" file="/app/vendor/gammamatrix/playground-test/src/Feature/Http/Controllers/Resource/Playground/RestoreRevisionJsonTrait.php" line="120" class="Tests\Feature\Playground\Directory\Api\Http\Controllers\Playground\SublocationRouteTest" classname="Tests.Feature.Playground.Directory.Api.Http.Controllers.Playground.SublocationRouteTest" assertions="97" time="0.276000"/>
        <testcase name="test_json_restore_revision_as_user_and_get_denied" file="/app/vendor/gammamatrix/playground-test/src/Feature/Http/Controllers/Resource/Playground/RestoreRevisionJsonTrait.php" line="172" class="Tests\Feature\Playground\Directory\Api\Http\Controllers\Playground\SublocationRouteTest" classname="Tests.Feature.Playground.Directory.Api.Http.Controllers.Playground.SublocationRouteTest" assertions="3" time="0.211112"/>
        <testcase name="test_json_guest_cannot_render_revision_view" file="/app/vendor/gammamatrix/playground-test/src/Feature/Http/Controllers/Resource/Playground/RevisionJsonTrait.php" line="39" class="Tests\Feature\Playground\Directory\Api\Http\Controllers\Playground\SublocationRouteTest" classname="Tests.Feature.Playground.Directory.Api.Http.Controllers.Playground.SublocationRouteTest" assertions="2" time="0.198486"/>
        <testcase name="test_json_admin_can_get_revision_info" file="/app/vendor/gammamatrix/playground-test/src/Feature/Http/Controllers/Resource/Playground/RevisionJsonTrait.php" line="70" class="Tests\Feature\Playground\Directory\Api\Http\Controllers\Playground\SublocationRouteTest" classname="Tests.Feature.Playground.Directory.Api.Http.Controllers.Playground.SublocationRouteTest" assertions="96" time="0.217216"/>
        <testcase name="test_json_guest_cannot_get_revisions" file="/app/vendor/gammamatrix/playground-test/src/Feature/Http/Controllers/Resource/Playground/RevisionsJsonTrait.php" line="35" class="Tests\Feature\Playground\Directory\Api\Http\Controllers\Playground\SublocationRouteTest" classname="Tests.Feature.Playground.Directory.Api.Http.Controllers.Playground.SublocationRouteTest" assertions="2" time="0.202697"/>
        <testcase name="test_json_admin_can_get_revisions" file="/app/vendor/gammamatrix/playground-test/src/Feature/Http/Controllers/Resource/Playground/RevisionsJsonTrait.php" line="64" class="Tests\Feature\Playground\Directory\Api\Http\Controllers\Playground\SublocationRouteTest" classname="Tests.Feature.Playground.Directory.Api.Http.Controllers.Playground.SublocationRouteTest" assertions="2" time="0.239509"/>
        <testcase name="test_json_admin_can_get_revisions_with_filters" file="/app/vendor/gammamatrix/playground-test/src/Feature/Http/Controllers/Resource/Playground/RevisionsJsonTrait.php" line="105" class="Tests\Feature\Playground\Directory\Api\Http\Controllers\Playground\SublocationRouteTest" classname="Tests.Feature.Playground.Directory.Api.Http.Controllers.Playground.SublocationRouteTest" assertions="100" time="0.227303"/>
        <testcase name="test_json_guest_cannot_see_info" file="/app/vendor/gammamatrix/playground-test/src/Feature/Http/Controllers/Resource/Playground/ShowJsonTrait.php" line="30" class="Tests\Feature\Playground\Directory\Api\Http\Controllers\Playground\SublocationRouteTest" classname="Tests.Feature.Playground.Directory.Api.Http.Controllers.Playground.SublocationRouteTest" assertions="1" time="0.186243"/>
        <testcase name="test_json_show_info_for_admin" file="/app/vendor/gammamatrix/playground-test/src/Feature/Http/Controllers/Resource/Playground/ShowJsonTrait.php" line="50" class="Tests\Feature\Playground\Directory\Api\Http\Controllers\Playground\SublocationRouteTest" classname="Tests.Feature.Playground.Directory.Api.Http.Controllers.Playground.SublocationRouteTest" assertions="96" time="0.204967"/>
        <testcase name="test_json_guest_cannot_store" file="/app/vendor/gammamatrix/playground-test/src/Feature/Http/Controllers/Resource/Playground/StoreJsonTrait.php" line="44" class="Tests\Feature\Playground\Directory\Api\Http\Controllers\Playground\SublocationRouteTest" classname="Tests.Feature.Playground.Directory.Api.Http.Controllers.Playground.SublocationRouteTest" assertions="3" time="0.185996"/>
        <testcase name="test_json_store_as_admin_without_payload_and_fail_validation" file="/app/vendor/gammamatrix/playground-test/src/Feature/Http/Controllers/Resource/Playground/StoreJsonTrait.php" line="67" class="Tests\Feature\Playground\Directory\Api\Http\Controllers\Playground\SublocationRouteTest" classname="Tests.Feature.Playground.Directory.Api.Http.Controllers.Playground.SublocationRouteTest" assertions="5" time="0.199184"/>
        <testcase name="test_json_store_as_admin_and_succeed" file="/app/vendor/gammamatrix/playground-test/src/Feature/Http/Controllers/Resource/Playground/StoreJsonTrait.php" line="93" class="Tests\Feature\Playground\Directory\Api\Http\Controllers\Playground\SublocationRouteTest" classname="Tests.Feature.Playground.Directory.Api.Http.Controllers.Playground.SublocationRouteTest" assertions="3" time="0.235323"/>
        <testcase name="test_json_guest_cannot_unlock" file="/app/vendor/gammamatrix/playground-test/src/Feature/Http/Controllers/Resource/Playground/UnlockJsonTrait.php" line="37" class="Tests\Feature\Playground\Directory\Api\Http\Controllers\Playground\SublocationRouteTest" classname="Tests.Feature.Playground.Directory.Api.Http.Controllers.Playground.SublocationRouteTest" assertions="3" time="0.188862"/>
        <testcase name="test_json_unlock_as_admin_and_succeed" file="/app/vendor/gammamatrix/playground-test/src/Feature/Http/Controllers/Resource/Playground/UnlockJsonTrait.php" line="69" class="Tests\Feature\Playground\Directory\Api\Http\Controllers\Playground\SublocationRouteTest" classname="Tests.Feature.Playground.Directory.Api.Http.Controllers.Playground.SublocationRouteTest" assertions="97" time="0.219072"/>
        <testcase name="test_json_unlock_as_admin_and_succeed_with_no_redirect" file="/app/vendor/gammamatrix/playground-test/src/Feature/Http/Controllers/Resource/Playground/UnlockJsonTrait.php" line="105" class="Tests\Feature\Playground\Directory\Api\Http\Controllers\Playground\SublocationRouteTest" classname="Tests.Feature.Playground.Directory.Api.Http.Controllers.Playground.SublocationRouteTest" assertions="97" time="0.215488"/>
        <testcase name="test_json_unlock_as_user_and_get_denied" file="/app/vendor/gammamatrix/playground-test/src/Feature/Http/Controllers/Resource/Playground/UnlockJsonTrait.php" line="146" class="Tests\Feature\Playground\Directory\Api\Http\Controllers\Playground\SublocationRouteTest" classname="Tests.Feature.Playground.Directory.Api.Http.Controllers.Playground.SublocationRouteTest" assertions="3" time="0.203874"/>
        <testcase name="test_json_guest_cannot_update" file="/app/vendor/gammamatrix/playground-test/src/Feature/Http/Controllers/Resource/Playground/UpdateJsonTrait.php" line="46" class="Tests\Feature\Playground\Directory\Api\Http\Controllers\Playground\SublocationRouteTest" classname="Tests.Feature.Playground.Directory.Api.Http.Controllers.Playground.SublocationRouteTest" assertions="1" time="0.194453"/>
        <testcase name="test_json_update_as_admin_without_payload_and_passes_validation" file="/app/vendor/gammamatrix/playground-test/src/Feature/Http/Controllers/Resource/Playground/UpdateJsonTrait.php" line="66" class="Tests\Feature\Playground\Directory\Api\Http\Controllers\Playground\SublocationRouteTest" classname="Tests.Feature.Playground.Directory.Api.Http.Controllers.Playground.SublocationRouteTest" assertions="2" time="0.246121"/>
        <testcase name="test_json_admin_can_update" file="/app/vendor/gammamatrix/playground-test/src/Feature/Http/Controllers/Resource/Playground/UpdateJsonTrait.php" line="114" class="Tests\Feature\Playground\Directory\Api\Http\Controllers\Playground\SublocationRouteTest" classname="Tests.Feature.Playground.Directory.Api.Http.Controllers.Playground.SublocationRouteTest" assertions="99" time="0.286742"/>
      </testsuite>
      <testsuite name="Tests\Feature\Playground\Directory\Api\Http\Requests\FormRequest\InstanceTest" file="/app/tests/Feature/Http/Requests/FormRequest/InstanceTest.php" tests="1" assertions="1" errors="0" failures="0" skipped="0" time="0.171278">
        <testcase name="test_form_request_authorize_with_admin" file="/app/tests/Feature/Http/Requests/FormRequest/InstanceTest.php" line="23" class="Tests\Feature\Playground\Directory\Api\Http\Requests\FormRequest\InstanceTest" classname="Tests.Feature.Playground.Directory.Api.Http.Requests.FormRequest.InstanceTest" assertions="1" time="0.171278"/>
      </testsuite>
    </testsuite>
  </testsuite>
</testsuites>
